location: clients/tests/test-client.py:977:test_004()/283
cmd: $NMCLI --mode multiline --color yes -f ALL device wifi list bssid C0:E2:BE:E8:EF:B6
lang: C
returncode: 10
stdout: 1028 bytes
>>>
AP[1].SSID:                             [32mwlan0-ap-2[0m
AP[1].SSID-HEX:                         [32m776C616E302D61702D32[0m
AP[1].BSSID:                            [32mC0:E2:BE:E8:EF:B6[0m
AP[1].MODE:                             [32mInfra[0m
AP[1].CHAN:                             [32m1[0m
AP[1].FREQ:                             [32m2412 MHz[0m
AP[1].RATE:                             [32m54 Mbit/s[0m
AP[1].SIGNAL:                           [32m92[0m
AP[1].BARS:                             [32m****[0m
AP[1].SECURITY:                         [32mWPA1 WPA2[0m
AP[1].WPA-FLAGS:                        [32mpair_tkip pair_ccmp group_tkip group_ccmp psk[0m
AP[1].RSN-FLAGS:                        [32mpair_tkip pair_ccmp group_tkip group_ccmp psk[0m
AP[1].DEVICE:                           [32mwlan0[0m
AP[1].ACTIVE:                           [32mno[0m
AP[1].IN-USE:                           [32m [0m
AP[1].DBUS-PATH:                        [32m/org/freedesktop/NetworkManager/AccessPoint/2[0m

<<<
stderr: 8 bytes
>>>
Success

<<<
