location: clients/tests/test-client.py:975:test_004()/245
cmd: $NMCLI --mode tabular --terse --color yes -f NAME,SSID,SSID-HEX,BSSID,MODE,CHAN,FREQ,RATE,SIGNAL,BARS,SECURITY,WPA-FLAGS,RSN-FLAGS,DEVICE,ACTIVE,IN-USE,DBUS-PATH device wifi list
lang: C
returncode: 2
stdout: 0 bytes
>>>

<<<
stderr: 172 bytes
>>>
Error: 'device wifi': invalid field 'NAME'; allowed fields: SSID,SSID-HEX,BSSID,MODE,CHAN,FREQ,RATE,SIGNAL,BARS,SECURITY,WPA-FLAGS,RSN-FLAGS,DEVICE,ACTIVE,IN-USE,DBUS-PATH

<<<
